INTERNALERROR> Traceback (most recent call last):
INTERNALERROR>   File "/home/runner/.local/lib/python3.12/site-packages/_pytest/main.py", line 314, in wrap_session
INTERNALERROR>     config._do_configure()
INTERNALERROR>   File "/home/runner/.local/lib/python3.12/site-packages/_pytest/config/__init__.py", line 1159, in _do_configure
INTERNALERROR>     self.hook.pytest_configure.call_historic(kwargs=dict(config=self))
INTERNALERROR>   File "/home/runner/.local/lib/python3.12/site-packages/pluggy/_hooks.py", line 534, in call_historic
INTERNALERROR>     res = self._hookexec(self.name, self._hookimpls.copy(), kwargs, False)
INTERNALERROR>           ^^^^^^^^^^^^^^^^^^^^^^^^^^^^^^^^^^^^^^^^^^^^^^^^^^^^^^^^^^^^^^^^
INTERNALERROR>   File "/home/runner/.local/lib/python3.12/site-packages/pluggy/_manager.py", line 120, in _hookexec
INTERNALERROR>     return self._inner_hookexec(hook_name, methods, kwargs, firstresult)
INTERNALERROR>            ^^^^^^^^^^^^^^^^^^^^^^^^^^^^^^^^^^^^^^^^^^^^^^^^^^^^^^^^^^^^^
INTERNALERROR>   File "/home/runner/.local/lib/python3.12/site-packages/pluggy/_callers.py", line 167, in _multicall
INTERNALERROR>     raise exception
INTERNALERROR>   File "/home/runner/.local/lib/python3.12/site-packages/pluggy/_callers.py", line 121, in _multicall
INTERNALERROR>     res = hook_impl.function(*args)
INTERNALERROR>           ^^^^^^^^^^^^^^^^^^^^^^^^^
INTERNALERROR>   File "/home/runner/.local/lib/python3.12/site-packages/pytestqt/plugin.py", line 241, in pytest_configure
INTERNALERROR>     qt_api.set_qt_api(config.getini("qt_api"))
INTERNALERROR>   File "/home/runner/.local/lib/python3.12/site-packages/pytestqt/qt_compat.py", line 108, in set_qt_api
INTERNALERROR>     self.QtGui = _import_module("QtGui")
INTERNALERROR>                  ^^^^^^^^^^^^^^^^^^^^^^^
INTERNALERROR>   File "/home/runner/.local/lib/python3.12/site-packages/pytestqt/qt_compat.py", line 104, in _import_module
INTERNALERROR>     m = __import__(_root_module, globals(), locals(), [module_name], 0)
INTERNALERROR>         ^^^^^^^^^^^^^^^^^^^^^^^^^^^^^^^^^^^^^^^^^^^^^^^^^^^^^^^^^^^^^^^
INTERNALERROR> ImportError: libEGL.so.1: cannot open shared object file: No such file or directory
